// Jest Snapshot v1, https://goo.gl/fbAQLP

exports[`MigrationPlansTable renders correctly using snapshot 1`] = `
<table
  className="table table-striped table-hover"
>
  <thead>
    <tr>
      <th
        className=""
      >
        ID
      </th>
      <th
        className=""
      >
        Plan Name
      </th>
      <th
        className=""
      >
        Description
      </th>
      <th
        className=""
      >
        Source container
      </th>
      <th
        className=""
      >
        Source process
      </th>
      <th
        className=""
      >
        Target container
      </th>
      <th
        className=""
      >
        Target process
      </th>
      <th
        aria-label="Actions"
        className=""
        colSpan={4}
        rowSpan={1}
      >
        Actions
      </th>
    </tr>
  </thead>
  <tbody>
    <tr>
      <td
        className=""
      >
        1
      </td>
      <td
        className=""
      >
        mockupTest1
      </td>
      <td
        className=""
      >
        mockup_
      </td>
      <td
        className=""
      >
        evaluation_2.0.0-SNAPSHOT
      </td>
      <td
        className=""
      >
        old_evaluation
      </td>
      <td
        className=""
      >
        evaluation_3.0.0-SNAPSHOT
      </td>
      <td
        className=""
      >
        new_evaluation
      </td>
      <td
        className="table-view-pf-actions"
      >
        <div
          className="table-view-pf-btn"
          onBlur={[Function]}
          onFocus={[Function]}
          onMouseOut={[Function]}
          onMouseOver={[Function]}
        >
          <button
            className="btn btn-link"
            disabled={false}
            onClick={[Function]}
            type="button"
          >
            <span
              aria-hidden={true}
              className="fa fa-play"
            />
          </button>
        </div>
      </td>
      <td
        className="table-view-pf-actions"
      >
        <button
          className="btn btn-link"
          disabled={false}
          onBlur={[Function]}
          onClick={[Function]}
          onFocus={[Function]}
          onMouseOut={[Function]}
          onMouseOver={[Function]}
          type="button"
        >
          <span
            aria-hidden="true"
            className="pficon pficon-export"
          />
        </button>
      </td>
      <td
        className="table-view-pf-actions"
      >
        <div
          className="table-view-pf-btn"
          onBlur={[Function]}
          onFocus={[Function]}
          onMouseOut={[Function]}
          onMouseOver={[Function]}
        >
          <button
            className="btn btn-link"
            disabled={false}
            onClick={[Function]}
            type="button"
          >
            <span
              aria-hidden={true}
              className="fa fa-trash"
            />
          </button>
        </div>
      </td>
      <td
        className="table-view-pf-actions"
      >
        <div
          className="table-view-pf-btn"
          onBlur={[Function]}
          onFocus={[Function]}
          onMouseOut={[Function]}
          onMouseOver={[Function]}
        >
          <button
            className="btn btn-link"
            disabled={false}
            onClick={[Function]}
            type="button"
          >
            <span
              aria-hidden={true}
              className="fa fa-edit"
            />
          </button>
        </div>
      </td>
    </tr>
    <tr>
      <td
        className=""
      >
        2
      </td>
      <td
        className=""
      >
        upgrade
      </td>
      <td
        className=""
      />
      <td
        className=""
      >
        evaluation_2.0.0-SNAPSHOT
      </td>
      <td
        className=""
      >
        old_evaluation
      </td>
      <td
        className=""
      >
        evaluation_3.0.0-SNAPSHOT
      </td>
      <td
        className=""
      >
        new_evaluation
      </td>
      <td
        className="table-view-pf-actions"
      >
        <div
          className="table-view-pf-btn"
          onBlur={[Function]}
          onFocus={[Function]}
          onMouseOut={[Function]}
          onMouseOver={[Function]}
        >
          <button
            className="btn btn-link"
            disabled={false}
            onClick={[Function]}
            type="button"
          >
            <span
              aria-hidden={true}
              className="fa fa-play"
            />
          </button>
        </div>
      </td>
      <td
        className="table-view-pf-actions"
      >
        <button
          className="btn btn-link"
          disabled={false}
          onBlur={[Function]}
          onClick={[Function]}
          onFocus={[Function]}
          onMouseOut={[Function]}
          onMouseOver={[Function]}
          type="button"
        >
          <span
            aria-hidden="true"
            className="pficon pficon-export"
          />
        </button>
      </td>
      <td
        className="table-view-pf-actions"
      >
        <div
          className="table-view-pf-btn"
          onBlur={[Function]}
          onFocus={[Function]}
          onMouseOut={[Function]}
          onMouseOver={[Function]}
        >
          <button
            className="btn btn-link"
            disabled={false}
            onClick={[Function]}
            type="button"
          >
            <span
              aria-hidden={true}
              className="fa fa-trash"
            />
          </button>
        </div>
      </td>
      <td
        className="table-view-pf-actions"
      >
        <div
          className="table-view-pf-btn"
          onBlur={[Function]}
          onFocus={[Function]}
          onMouseOut={[Function]}
          onMouseOver={[Function]}
        >
          <button
            className="btn btn-link"
            disabled={false}
            onClick={[Function]}
            type="button"
          >
            <span
              aria-hidden={true}
              className="fa fa-edit"
            />
          </button>
        </div>
      </td>
    </tr>
    <tr>
      <td
        className=""
      >
        3
      </td>
      <td
        className=""
      >
        downgrade
      </td>
      <td
        className=""
      >
        mockup_
      </td>
      <td
        className=""
      >
        evaluation_3.0.0-SNAPSHOT
      </td>
      <td
        className=""
      >
        new_evaluation
      </td>
      <td
        className=""
      >
        evaluation_2.0.0-SNAPSHOT
      </td>
      <td
        className=""
      >
        old_evaluation
      </td>
      <td
        className="table-view-pf-actions"
      >
        <div
          className="table-view-pf-btn"
          onBlur={[Function]}
          onFocus={[Function]}
          onMouseOut={[Function]}
          onMouseOver={[Function]}
        >
          <button
            className="btn btn-link"
            disabled={false}
            onClick={[Function]}
            type="button"
          >
            <span
              aria-hidden={true}
              className="fa fa-play"
            />
          </button>
        </div>
      </td>
      <td
        className="table-view-pf-actions"
      >
        <button
          className="btn btn-link"
          disabled={false}
          onBlur={[Function]}
          onClick={[Function]}
          onFocus={[Function]}
          onMouseOut={[Function]}
          onMouseOver={[Function]}
          type="button"
        >
          <span
            aria-hidden="true"
            className="pficon pficon-export"
          />
        </button>
      </td>
      <td
        className="table-view-pf-actions"
      >
        <div
          className="table-view-pf-btn"
          onBlur={[Function]}
          onFocus={[Function]}
          onMouseOut={[Function]}
          onMouseOver={[Function]}
        >
          <button
            className="btn btn-link"
            disabled={false}
            onClick={[Function]}
            type="button"
          >
            <span
              aria-hidden={true}
              className="fa fa-trash"
            />
          </button>
        </div>
      </td>
      <td
        className="table-view-pf-actions"
      >
        <div
          className="table-view-pf-btn"
          onBlur={[Function]}
          onFocus={[Function]}
          onMouseOut={[Function]}
          onMouseOver={[Function]}
        >
          <button
            className="btn btn-link"
            disabled={false}
            onClick={[Function]}
            type="button"
          >
            <span
              aria-hidden={true}
              className="fa fa-edit"
            />
          </button>
        </div>
      </td>
    </tr>
    <tr>
      <td
        className=""
      >
        5
      </td>
      <td
        className=""
      >
        bbb
      </td>
      <td
        className=""
      >
        mockup_dddd
      </td>
      <td
        className=""
      >
        evaluation_2.0.0-SNAPSHOT
      </td>
      <td
        className=""
      >
        Mortgage_Process.MortgageApprovalProcess
      </td>
      <td
        className=""
      >
        Mortgage_Process.MortgageApprovalProcess_1.0.0-SNAPSHOT
      </td>
      <td
        className=""
      >
        Mortgage_Process.MortgageApprovalProcess
      </td>
      <td
        className="table-view-pf-actions"
      >
        <div
          className="table-view-pf-btn"
          onBlur={[Function]}
          onFocus={[Function]}
          onMouseOut={[Function]}
          onMouseOver={[Function]}
        >
          <button
            className="btn btn-link"
            disabled={false}
            onClick={[Function]}
            type="button"
          >
            <span
              aria-hidden={true}
              className="fa fa-play"
            />
          </button>
        </div>
      </td>
      <td
        className="table-view-pf-actions"
      >
        <button
          className="btn btn-link"
          disabled={false}
          onBlur={[Function]}
          onClick={[Function]}
          onFocus={[Function]}
          onMouseOut={[Function]}
          onMouseOver={[Function]}
          type="button"
        >
          <span
            aria-hidden="true"
            className="pficon pficon-export"
          />
        </button>
      </td>
      <td
        className="table-view-pf-actions"
      >
        <div
          className="table-view-pf-btn"
          onBlur={[Function]}
          onFocus={[Function]}
          onMouseOut={[Function]}
          onMouseOver={[Function]}
        >
          <button
            className="btn btn-link"
            disabled={false}
            onClick={[Function]}
            type="button"
          >
            <span
              aria-hidden={true}
              className="fa fa-trash"
            />
          </button>
        </div>
      </td>
      <td
        className="table-view-pf-actions"
      >
        <div
          className="table-view-pf-btn"
          onBlur={[Function]}
          onFocus={[Function]}
          onMouseOut={[Function]}
          onMouseOver={[Function]}
        >
          <button
            className="btn btn-link"
            disabled={false}
            onClick={[Function]}
            type="button"
          >
            <span
              aria-hidden={true}
              className="fa fa-edit"
            />
          </button>
        </div>
      </td>
    </tr>
    <tr>
      <td
        className=""
      >
        8
      </td>
      <td
        className=""
      >
        aa
      </td>
      <td
        className=""
      >
        mockup_bb
      </td>
      <td
        className=""
      >
        evaluation_3.0.0-SNAPSHOT
      </td>
      <td
        className=""
      >
        old_evaluation
      </td>
      <td
        className=""
      >
        evaluation_2.0.0-SNAPSHOT
      </td>
      <td
        className=""
      >
        new_evaluation
      </td>
      <td
        className="table-view-pf-actions"
      >
        <div
          className="table-view-pf-btn"
          onBlur={[Function]}
          onFocus={[Function]}
          onMouseOut={[Function]}
          onMouseOver={[Function]}
        >
          <button
            className="btn btn-link"
            disabled={false}
            onClick={[Function]}
            type="button"
          >
            <span
              aria-hidden={true}
              className="fa fa-play"
            />
          </button>
        </div>
      </td>
      <td
        className="table-view-pf-actions"
      >
        <button
          className="btn btn-link"
          disabled={false}
          onBlur={[Function]}
          onClick={[Function]}
          onFocus={[Function]}
          onMouseOut={[Function]}
          onMouseOver={[Function]}
          type="button"
        >
          <span
            aria-hidden="true"
            className="pficon pficon-export"
          />
        </button>
      </td>
      <td
        className="table-view-pf-actions"
      >
        <div
          className="table-view-pf-btn"
          onBlur={[Function]}
          onFocus={[Function]}
          onMouseOut={[Function]}
          onMouseOver={[Function]}
        >
          <button
            className="btn btn-link"
            disabled={false}
            onClick={[Function]}
            type="button"
          >
            <span
              aria-hidden={true}
              className="fa fa-trash"
            />
          </button>
        </div>
      </td>
      <td
        className="table-view-pf-actions"
      >
        <div
          className="table-view-pf-btn"
          onBlur={[Function]}
          onFocus={[Function]}
          onMouseOut={[Function]}
          onMouseOver={[Function]}
        >
          <button
            className="btn btn-link"
            disabled={false}
            onClick={[Function]}
            type="button"
          >
            <span
              aria-hidden={true}
              className="fa fa-edit"
            />
          </button>
        </div>
      </td>
    </tr>
    <tr>
      <td
        className=""
      >
        9
      </td>
      <td
        className=""
      >
        a
      </td>
      <td
        className=""
      >
        mockup_bfff
      </td>
      <td
        className=""
      >
        evaluation_2.0.0-SNAPSHOT
      </td>
      <td
        className=""
      >
        old_evaluation
      </td>
      <td
        className=""
      >
        Mortgage_Process.MortgageApprovalProcess_1.0.0-SNAPSHOT
      </td>
      <td
        className=""
      >
        Mortgage_Process.MortgageApprovalProcess
      </td>
      <td
        className="table-view-pf-actions"
      >
        <div
          className="table-view-pf-btn"
          onBlur={[Function]}
          onFocus={[Function]}
          onMouseOut={[Function]}
          onMouseOver={[Function]}
        >
          <button
            className="btn btn-link"
            disabled={false}
            onClick={[Function]}
            type="button"
          >
            <span
              aria-hidden={true}
              className="fa fa-play"
            />
          </button>
        </div>
      </td>
      <td
        className="table-view-pf-actions"
      >
        <button
          className="btn btn-link"
          disabled={false}
          onBlur={[Function]}
          onClick={[Function]}
          onFocus={[Function]}
          onMouseOut={[Function]}
          onMouseOver={[Function]}
          type="button"
        >
          <span
            aria-hidden="true"
            className="pficon pficon-export"
          />
        </button>
      </td>
      <td
        className="table-view-pf-actions"
      >
        <div
          className="table-view-pf-btn"
          onBlur={[Function]}
          onFocus={[Function]}
          onMouseOut={[Function]}
          onMouseOver={[Function]}
        >
          <button
            className="btn btn-link"
            disabled={false}
            onClick={[Function]}
            type="button"
          >
            <span
              aria-hidden={true}
              className="fa fa-trash"
            />
          </button>
        </div>
      </td>
      <td
        className="table-view-pf-actions"
      >
        <div
          className="table-view-pf-btn"
          onBlur={[Function]}
          onFocus={[Function]}
          onMouseOut={[Function]}
          onMouseOver={[Function]}
        >
          <button
            className="btn btn-link"
            disabled={false}
            onClick={[Function]}
            type="button"
          >
            <span
              aria-hidden={true}
              className="fa fa-edit"
            />
          </button>
        </div>
      </td>
    </tr>
    <tr>
      <td
        className=""
      >
        10
      </td>
      <td
        className=""
      >
        sdf
      </td>
      <td
        className=""
      >
        mockup_sdf
      </td>
      <td
        className=""
      >
        evaluation_2.0.0-SNAPSHOT
      </td>
      <td
        className=""
      >
        old_evaluation
      </td>
      <td
        className=""
      >
        Mortgage_Process.MortgageApprovalProcess_1.0.0-SNAPSHOT
      </td>
      <td
        className=""
      >
        Mortgage_Process.MortgageApprovalProcess
      </td>
      <td
        className="table-view-pf-actions"
      >
        <div
          className="table-view-pf-btn"
          onBlur={[Function]}
          onFocus={[Function]}
          onMouseOut={[Function]}
          onMouseOver={[Function]}
        >
          <button
            className="btn btn-link"
            disabled={false}
            onClick={[Function]}
            type="button"
          >
            <span
              aria-hidden={true}
              className="fa fa-play"
            />
          </button>
        </div>
      </td>
      <td
        className="table-view-pf-actions"
      >
        <button
          className="btn btn-link"
          disabled={false}
          onBlur={[Function]}
          onClick={[Function]}
          onFocus={[Function]}
          onMouseOut={[Function]}
          onMouseOver={[Function]}
          type="button"
        >
          <span
            aria-hidden="true"
            className="pficon pficon-export"
          />
        </button>
      </td>
      <td
        className="table-view-pf-actions"
      >
        <div
          className="table-view-pf-btn"
          onBlur={[Function]}
          onFocus={[Function]}
          onMouseOut={[Function]}
          onMouseOver={[Function]}
        >
          <button
            className="btn btn-link"
            disabled={false}
            onClick={[Function]}
            type="button"
          >
            <span
              aria-hidden={true}
              className="fa fa-trash"
            />
          </button>
        </div>
      </td>
      <td
        className="table-view-pf-actions"
      >
        <div
          className="table-view-pf-btn"
          onBlur={[Function]}
          onFocus={[Function]}
          onMouseOut={[Function]}
          onMouseOver={[Function]}
        >
          <button
            className="btn btn-link"
            disabled={false}
            onClick={[Function]}
            type="button"
          >
            <span
              aria-hidden={true}
              className="fa fa-edit"
            />
          </button>
        </div>
      </td>
    </tr>
    <tr>
      <td
        className=""
      >
        11
      </td>
      <td
        className=""
      >
        dfdfd
      </td>
      <td
        className=""
      >
        mockup_dfdf
      </td>
      <td
        className=""
      >
        evaluation_2.0.0-SNAPSHOT
      </td>
      <td
        className=""
      >
        old_evaluation
      </td>
      <td
        className=""
      >
        Mortgage_Process.MortgageApprovalProcess_1.0.0-SNAPSHOT
      </td>
      <td
        className=""
      >
        Mortgage_Process.MortgageApprovalProcess
      </td>
      <td
        className="table-view-pf-actions"
      >
        <div
          className="table-view-pf-btn"
          onBlur={[Function]}
          onFocus={[Function]}
          onMouseOut={[Function]}
          onMouseOver={[Function]}
        >
          <button
            className="btn btn-link"
            disabled={false}
            onClick={[Function]}
            type="button"
          >
            <span
              aria-hidden={true}
              className="fa fa-play"
            />
          </button>
        </div>
      </td>
      <td
        className="table-view-pf-actions"
      >
        <button
          className="btn btn-link"
          disabled={false}
          onBlur={[Function]}
          onClick={[Function]}
          onFocus={[Function]}
          onMouseOut={[Function]}
          onMouseOver={[Function]}
          type="button"
        >
          <span
            aria-hidden="true"
            className="pficon pficon-export"
          />
        </button>
      </td>
      <td
        className="table-view-pf-actions"
      >
        <div
          className="table-view-pf-btn"
          onBlur={[Function]}
          onFocus={[Function]}
          onMouseOut={[Function]}
          onMouseOver={[Function]}
        >
          <button
            className="btn btn-link"
            disabled={false}
            onClick={[Function]}
            type="button"
          >
            <span
              aria-hidden={true}
              className="fa fa-trash"
            />
          </button>
        </div>
      </td>
      <td
        className="table-view-pf-actions"
      >
        <div
          className="table-view-pf-btn"
          onBlur={[Function]}
          onFocus={[Function]}
          onMouseOut={[Function]}
          onMouseOver={[Function]}
        >
          <button
            className="btn btn-link"
            disabled={false}
            onClick={[Function]}
            type="button"
          >
            <span
              aria-hidden={true}
              className="fa fa-edit"
            />
          </button>
        </div>
      </td>
    </tr>
    <tr>
      <td
        className=""
      >
        12
      </td>
      <td
        className=""
      >
        upgrade
      </td>
      <td
        className=""
      >
        mockup_
      </td>
      <td
        className=""
      >
        evaluation_2.0.0-SNAPSHOT
      </td>
      <td
        className=""
      >
        old_evaluation
      </td>
      <td
        className=""
      >
        evaluation_3.0.0-SNAPSHOT
      </td>
      <td
        className=""
      >
        new_evaluation
      </td>
      <td
        className="table-view-pf-actions"
      >
        <div
          className="table-view-pf-btn"
          onBlur={[Function]}
          onFocus={[Function]}
          onMouseOut={[Function]}
          onMouseOver={[Function]}
        >
          <button
            className="btn btn-link"
            disabled={false}
            onClick={[Function]}
            type="button"
          >
            <span
              aria-hidden={true}
              className="fa fa-play"
            />
          </button>
        </div>
      </td>
      <td
        className="table-view-pf-actions"
      >
        <button
          className="btn btn-link"
          disabled={false}
          onBlur={[Function]}
          onClick={[Function]}
          onFocus={[Function]}
          onMouseOut={[Function]}
          onMouseOver={[Function]}
          type="button"
        >
          <span
            aria-hidden="true"
            className="pficon pficon-export"
          />
        </button>
      </td>
      <td
        className="table-view-pf-actions"
      >
        <div
          className="table-view-pf-btn"
          onBlur={[Function]}
          onFocus={[Function]}
          onMouseOut={[Function]}
          onMouseOver={[Function]}
        >
          <button
            className="btn btn-link"
            disabled={false}
            onClick={[Function]}
            type="button"
          >
            <span
              aria-hidden={true}
              className="fa fa-trash"
            />
          </button>
        </div>
      </td>
      <td
        className="table-view-pf-actions"
      >
        <div
          className="table-view-pf-btn"
          onBlur={[Function]}
          onFocus={[Function]}
          onMouseOut={[Function]}
          onMouseOver={[Function]}
        >
          <button
            className="btn btn-link"
            disabled={false}
            onClick={[Function]}
            type="button"
          >
            <span
              aria-hidden={true}
              className="fa fa-edit"
            />
          </button>
        </div>
      </td>
    </tr>
    <tr>
      <td
        className=""
      >
        13
      </td>
      <td
        className=""
      >
        upgrade
      </td>
      <td
        className=""
      >
        mockup_upgrade123
      </td>
      <td
        className=""
      >
        evaluation_2.0.0-SNAPSHOT
      </td>
      <td
        className=""
      >
        old_evaluation
      </td>
      <td
        className=""
      >
        evaluation_3.0.0-SNAPSHOT
      </td>
      <td
        className=""
      >
        new_evaluation
      </td>
      <td
        className="table-view-pf-actions"
      >
        <div
          className="table-view-pf-btn"
          onBlur={[Function]}
          onFocus={[Function]}
          onMouseOut={[Function]}
          onMouseOver={[Function]}
        >
          <button
            className="btn btn-link"
            disabled={false}
            onClick={[Function]}
            type="button"
          >
            <span
              aria-hidden={true}
              className="fa fa-play"
            />
          </button>
        </div>
      </td>
      <td
        className="table-view-pf-actions"
      >
        <button
          className="btn btn-link"
          disabled={false}
          onBlur={[Function]}
          onClick={[Function]}
          onFocus={[Function]}
          onMouseOut={[Function]}
          onMouseOver={[Function]}
          type="button"
        >
          <span
            aria-hidden="true"
            className="pficon pficon-export"
          />
        </button>
      </td>
      <td
        className="table-view-pf-actions"
      >
        <div
          className="table-view-pf-btn"
          onBlur={[Function]}
          onFocus={[Function]}
          onMouseOut={[Function]}
          onMouseOver={[Function]}
        >
          <button
            className="btn btn-link"
            disabled={false}
            onClick={[Function]}
            type="button"
          >
            <span
              aria-hidden={true}
              className="fa fa-trash"
            />
          </button>
        </div>
      </td>
      <td
        className="table-view-pf-actions"
      >
        <div
          className="table-view-pf-btn"
          onBlur={[Function]}
          onFocus={[Function]}
          onMouseOut={[Function]}
          onMouseOver={[Function]}
        >
          <button
            className="btn btn-link"
            disabled={false}
            onClick={[Function]}
            type="button"
          >
            <span
              aria-hidden={true}
              className="fa fa-edit"
            />
          </button>
        </div>
      </td>
    </tr>
  </tbody>
</table>
`;
