// Jest Snapshot v1, https://goo.gl/fbAQLP

exports[`PageReview renders correctly using snapshot 1`] = `
Array [
  <button
    className="btn btn-default"
    disabled={false}
    onClick={[Function]}
    type="button"
  >
    Export
  </button>,
  <pre>
    {
  "id": 99,
  "definition": {
    "execution": {
      "type": "ASYNC",
      "callbackUrl": "This is mockup response",
      "scheduledStartTime": null
    },
    "planId": 2,
    "processInstanceIds": [
      1
    ],
    "kieServerId": "sample-server"
  },
  "status": "CREATED",
  "createdAt": "2019-07-17T20:59:22.128Z"
}
  </pre>,
]
`;
