// Jest Snapshot v1, https://goo.gl/fbAQLP

exports[`PageMigrationRunningInstances renders correctly using snapshot 1`] = `
<div
  className="container-fluid"
>
  <table
    className="table dataTable table-striped table-bordered table-hover"
    role="grid"
  >
    <thead>
      <tr>
        <th
          aria-label="Select all rows"
          className="table-view-pf-select"
          colSpan={1}
          id="SelectId"
          index={0}
          rowSpan={1}
        >
          <label
            className="control-label sr-only"
            htmlFor="SelectId"
          >
            Select all rows
          </label>
          <input
            checked={false}
            id="SelectId"
            onChange={[Function]}
            type="checkbox"
          />
        </th>
        <th
          aria-label="ID"
          className="sorting sort sort-none"
          colSpan={1}
          index={1}
          onClick={[Function]}
          rowSpan={1}
        >
          ID
        </th>
        <th
          aria-label="Name"
          className="sorting_asc sort sort-asc"
          colSpan={1}
          index={2}
          onClick={[Function]}
          rowSpan={1}
        >
          Name
        </th>
        <th
          aria-label="Description"
          className="sorting sort sort-none"
          colSpan={1}
          index={3}
          onClick={[Function]}
          rowSpan={1}
        >
          Description
        </th>
        <th
          aria-label="Start Time"
          className="sorting sort sort-none"
          colSpan={1}
          index={4}
          onClick={[Function]}
          rowSpan={1}
        >
          Start Time
        </th>
        <th
          aria-label="State"
          className="sorting sort sort-none"
          colSpan={1}
          index={5}
          onClick={[Function]}
          rowSpan={1}
        >
          State
        </th>
      </tr>
    </thead>
    <tbody>
      <tr
        className=""
        role="row"
      >
        <td
          className="table-view-pf-select"
        >
          <label
            className="control-label sr-only"
            htmlFor="0"
          >
            0
          </label>
          <input
            checked={false}
            id="0"
            onChange={[Function]}
            type="checkbox"
          />
        </td>
        <td
          className=""
        >
          2
        </td>
        <td
          className=""
        >
          Evaluation
        </td>
        <td
          className=""
        >
          mockup_Evaluation
        </td>
        <td
          className=""
        >
          2019-01-06T21:06:55:123Z
        </td>
        <td
          className=""
        >
          Active
        </td>
      </tr>
      <tr
        className=""
        role="row"
      >
        <td
          className="table-view-pf-select"
        >
          <label
            className="control-label sr-only"
            htmlFor="1"
          >
            1
          </label>
          <input
            checked={false}
            id="1"
            onChange={[Function]}
            type="checkbox"
          />
        </td>
        <td
          className=""
        >
          3
        </td>
        <td
          className=""
        >
          Evaluation
        </td>
        <td
          className=""
        >
          mockup_Evaluation
        </td>
        <td
          className=""
        >
          2019-01-06T21:30:23:123Z
        </td>
        <td
          className=""
        >
          Active
        </td>
      </tr>
      <tr
        className=""
        role="row"
      >
        <td
          className="table-view-pf-select"
        >
          <label
            className="control-label sr-only"
            htmlFor="2"
          >
            2
          </label>
          <input
            checked={false}
            id="2"
            onChange={[Function]}
            type="checkbox"
          />
        </td>
        <td
          className=""
        >
          4
        </td>
        <td
          className=""
        >
          Evaluation
        </td>
        <td
          className=""
        >
          mockup_Evaluation
        </td>
        <td
          className=""
        >
          2019-01-06T21:49:27:123Z
        </td>
        <td
          className=""
        >
          Active
        </td>
      </tr>
      <tr
        className=""
        role="row"
      >
        <td
          className="table-view-pf-select"
        >
          <label
            className="control-label sr-only"
            htmlFor="3"
          >
            3
          </label>
          <input
            checked={false}
            id="3"
            onChange={[Function]}
            type="checkbox"
          />
        </td>
        <td
          className=""
        >
          5
        </td>
        <td
          className=""
        >
          Evaluation
        </td>
        <td
          className=""
        >
          mockup_Evaluation
        </td>
        <td
          className=""
        >
          2019-01-06T21:49:34:123Z
        </td>
        <td
          className=""
        >
          Active
        </td>
      </tr>
      <tr
        className=""
        role="row"
      >
        <td
          className="table-view-pf-select"
        >
          <label
            className="control-label sr-only"
            htmlFor="4"
          >
            4
          </label>
          <input
            checked={false}
            id="4"
            onChange={[Function]}
            type="checkbox"
          />
        </td>
        <td
          className=""
        >
          6
        </td>
        <td
          className=""
        >
          Evaluation
        </td>
        <td
          className=""
        >
          mockup_Evaluation
        </td>
        <td
          className=""
        >
          2019-01-06T21:58:54:123Z
        </td>
        <td
          className=""
        >
          Active
        </td>
      </tr>
      <tr
        className=""
        role="row"
      >
        <td
          className="table-view-pf-select"
        >
          <label
            className="control-label sr-only"
            htmlFor="5"
          >
            5
          </label>
          <input
            checked={false}
            id="5"
            onChange={[Function]}
            type="checkbox"
          />
        </td>
        <td
          className=""
        >
          7
        </td>
        <td
          className=""
        >
          Evaluation
        </td>
        <td
          className=""
        >
          mockup_Evaluation
        </td>
        <td
          className=""
        >
          2019-01-06T21:59:04:123Z
        </td>
        <td
          className=""
        >
          Active
        </td>
      </tr>
    </tbody>
  </table>
  <form
    className="content-view-pf-pagination table-view-pf-pagination clearfix"
    onSubmit={[Function]}
  >
    <div
      className="form-group"
    >
      <div
        className="dropup pagination-pf-pagesize btn-group"
      >
        <button
          aria-expanded={false}
          aria-haspopup={true}
          className="dropdown-toggle btn btn-default"
          disabled={false}
          id="pagination-row-dropdown"
          onClick={[Function]}
          onKeyDown={[Function]}
          role="button"
          type="button"
        >
          6
           
          <span
            className="caret"
          />
        </button>
        <ul
          aria-labelledby="pagination-row-dropdown"
          className="dropdown-menu"
          role="menu"
        >
          <li
            className="active"
            role="presentation"
          >
            <a
              href="#"
              onClick={[Function]}
              onKeyDown={[Function]}
              role="menuitem"
              tabIndex="-1"
            >
              6
            </a>
          </li>
          <li
            className=""
            role="presentation"
          >
            <a
              href="#"
              onClick={[Function]}
              onKeyDown={[Function]}
              role="menuitem"
              tabIndex="-1"
            >
              10
            </a>
          </li>
          <li
            className=""
            role="presentation"
          >
            <a
              href="#"
              onClick={[Function]}
              onKeyDown={[Function]}
              role="menuitem"
              tabIndex="-1"
            >
              15
            </a>
          </li>
        </ul>
      </div>
      <span>
        per page
      </span>
    </div>
    <div
      className="form-group"
    >
      <span>
        <span
          className="pagination-pf-items-current"
        >
          1
          -
          6
        </span>
         
        of
         
        <span
          className="pagination-pf-items-total"
        >
          6
        </span>
      </span>
      <ul
        className="pagination pagination-pf-back"
      >
        <li
          className="disabled"
        >
          <a
            href="#"
            onClick={[Function]}
            title="First Page"
          >
            <span
              aria-hidden={true}
              className="fa fa-angle-double-left i"
            />
          </a>
        </li>
        <li
          className="disabled"
        >
          <a
            href="#"
            onClick={[Function]}
            title="Previous Page"
          >
            <span
              aria-hidden={true}
              className="fa fa-angle-left i"
            />
          </a>
        </li>
      </ul>
      <label
        className="sr-only control-label"
      >
        Current Page
      </label>
      <input
        className="pagination-pf-page form-control"
        onChange={[Function]}
        type="text"
        value={1}
      />
      <span>
         
        of
         
        <span
          className="pagination-pf-pages"
        >
          1
        </span>
      </span>
      <ul
        className="pagination pagination-pf-forward"
      >
        <li
          className="disabled"
        >
          <a
            href="#"
            onClick={[Function]}
            title="Next Page"
          >
            <span
              aria-hidden={true}
              className="fa fa-angle-right i"
            />
          </a>
        </li>
        <li
          className="disabled"
        >
          <a
            href="#"
            onClick={[Function]}
            title="Last Page"
          >
            <span
              aria-hidden={true}
              className="fa fa-angle-double-right i"
            />
          </a>
        </li>
      </ul>
    </div>
  </form>
</div>
`;
