// Jest Snapshot v1, https://goo.gl/fbAQLP

exports[`PageMappingDiagrams renders correctly using snapshot 1`] = `
Array [
  <div
    className="text-right col-sm-4"
  >
    <button
      className="btn btn-default"
      disabled={false}
      onClick={[Function]}
      type="button"
    >
      Show
       Source Diagram
    </button>
  </div>,
  <div
    className="text-right col-sm-4"
  >
    <button
      className="btn btn-default"
      disabled={false}
      onClick={[Function]}
      type="button"
    >
      Show
       Target Diagram
    </button>
  </div>,
]
`;
